---
source: src/bin/help/main.rs
expression: render(flush_help())
---
[1mNAME[0m
    [3msdk flush[0m - sdk subcommand used for flushing local temporal state of SDKMAN

[1mSYNOPSIS[0m
    [3msdk flush [tmp|metadata|version][0m

[1mDESCRIPTION[0m
    This command cleans temporary storage under [4m$SDKMAN_DIR[0m in the [4mvar[0m and
    [4mtmp[0m directories, removing metadata and version caches. It also removes any
    residual download artifacts. It is possible to flush specific targets by
    providing a qualifier. Omission of the qualifier results in a full flush of
    all targets.

[1mSUBCOMMANDS & QUALIFIERS[0m
    tmp          cleans out pre/post hooks and residual archives from
                 [4m$SDKMAN_DIR/tmp[0m
    metadata     removes any header metadata
    version      flushes the [4mversion[0m and [4mversion_native[0m files under
                 [4m$SDKMAN_DIR/var[0m

[1mEXAMPLES[0m
    [3msdk flush
    sdk flush tmp
    sdk flush metadata
    sdk flush version[0m
