---
source: src/bin/help/main.rs
expression: render(upgrade_help())
---
[1mNAME[0m
    [3msdk upgrade[0m - sdk subcommand to upgrade installed candidate versions

[1mSYNOPSIS[0m
    [3msdk upgrade [candidate][0m

[1mDESCRIPTION[0m
    The optional candidate qualifier can be applied to specify the candidate you
    want to upgrade. If the candidate qualifier is omitted from the command, it
    will attempt an upgrade of all outdated candidates.
    Candidates that do not require an upgrade will be omitted, and a
    notification will be displayed that these candidates are up to date.

[1mEXIT CODE[0m
    The subcommand will return a non-zero return code if the candidate does
    not exist.

[1mMNEMONIC[0m
    [1mug[0m - may be used in place of the [1mupgrade[0m subcommand.

[1mEXAMPLES[0m
    [3msdk upgrade
    sdk upgrade java[0m
