---
source: src/bin/help/main.rs
expression: render(current_help())
---
[1mNAME[0m
    [3msdk current[0m - sdk subcommand to display the current default installed
    versions

[1mSYNOPSIS[0m
    [3msdk current [candidate][0m

[1mDESCRIPTION[0m
    This subcommand will display a list of candidates with their default version
    installed on the system. It is also possible to qualify the candidate when
    running the subcommand to display only that candidate's default version.

[1mMNEMONIC[0m
    [1mc[0m - may be used in place of the [1mcurrent[0m subcommand.

[1mEXAMPLES[0m
    [3msdk current
    sdk current java[0m
