---
source: src/bin/help/main.rs
expression: render(selfupdate_help())
---
[1mNAME[0m
    [3msdk selfupdate[0m - sdk subcommand to upgrade the SDKMAN core

[1mSYNOPSIS[0m
    [3msdk selfupdate [force][0m

[1mDESCRIPTION[0m
    Invoke this command to upgrade the core script and native components of
    the SDKMAN command-line interface. The command will only upgrade the native
    components if the detected platform is supported. The command will refuse to
    upgrade the core if no new version is available. A qualifier may be added to
    the selfupdate command to force an upgrade.

[1mEXAMPLES[0m
    [3msdk selfupdate
    sdk selfupdate force[0m
